true
function
function
function
function
function
function
